    Updating crates.io index
     Locking 16 packages to latest compatible versions
      Adding indoc v2.0.7
      Adding matrixmultiply v0.3.11
      Adding memoffset v0.9.1
      Adding ndarray v0.16.1
      Adding num-integer v0.1.47
      Adding numpy v0.22.1 (available: v0.29.0)
      Adding portable-atomic-util v0.2.7
      Adding pyo3 v0.22.6 (available: v0.29.2)
      Adding pyo3-build-config v0.22.6
      Adding pyo3-ffi v0.22.6
      Adding pyo3-macros v0.22.6
      Adding pyo3-macros-backend v0.22.6
      Adding rawpointer v0.2.1
      Adding rustc-hash v1.1.0
      Adding target-lexicon v0.12.16
      Adding unindent v0.2.4
warning: field `max_seq_len` is never read
  --> crates/apxinf-core/src/kv_cache.rs:37:5
   |
33 | pub struct CpuKVCache {
   |            ---------- field in this struct
...
37 |     max_seq_len: usize,
   |     ^^^^^^^^^^^
   |
   = note: `#[warn(dead_code)]` (part of `#[warn(unused)]`) on by default

warning: `apxinf-core` (lib) generated 1 warning
    Checking apxinf-cuda v0.1.0 (/home/wwxq/Projects/users/wwxq/rusin-master-dc08-integration-20260818/crates/apxinf-cuda)
warning: constant `cudaHostAllocDefault` should have an upper case name
  --> crates/apxinf-cuda/src/ffi/cuda.rs:40:11
   |
40 | pub const cudaHostAllocDefault: u32 = 0;
   |           ^^^^^^^^^^^^^^^^^^^^ help: convert the identifier to upper case: `CUDA_HOST_ALLOC_DEFAULT`
   |
   = note: `#[warn(non_upper_case_globals)]` (part of `#[warn(nonstandard_style)]`) on by default

warning: constant `cudaHostAllocPortable` should have an upper case name
  --> crates/apxinf-cuda/src/ffi/cuda.rs:41:11
   |
41 | pub const cudaHostAllocPortable: u32 = 1;
   |           ^^^^^^^^^^^^^^^^^^^^^
   |
help: convert the identifier to upper case
   |
41 - pub const cudaHostAllocPortable: u32 = 1;
41 + pub const CUDA_HOST_ALLOC_PORTABLE: u32 = 1;
   |

warning: constant `cudaHostAllocMapped` should have an upper case name
  --> crates/apxinf-cuda/src/ffi/cuda.rs:42:11
   |
42 | pub const cudaHostAllocMapped: u32 = 2;
   |           ^^^^^^^^^^^^^^^^^^^
   |
help: convert the identifier to upper case
   |
42 - pub const cudaHostAllocMapped: u32 = 2;
42 + pub const CUDA_HOST_ALLOC_MAPPED: u32 = 2;
   |

warning: constant `cudaHostAllocWriteCombined` should have an upper case name
  --> crates/apxinf-cuda/src/ffi/cuda.rs:43:11
   |
43 | pub const cudaHostAllocWriteCombined: u32 = 4;
   |           ^^^^^^^^^^^^^^^^^^^^^^^^^^ help: convert the identifier to upper case: `CUDA_HOST_ALLOC_WRITE_COMBINED`

warning: `apxinf-cuda` (lib) generated 4 warnings (run `cargo fix --lib -p apxinf-cuda` to apply 4 suggestions)
    Checking apxinf-model v0.1.0 (/home/wwxq/Projects/users/wwxq/rusin-master-dc08-integration-20260818/crates/apxinf-model)
warning: variable does not need to be mutable
  --> crates/apxinf-model/examples/vision_check.rs:37:9
   |
37 |     let mut model = GeneralQwen3VL::from_dir(&model_dir, Device::Cuda(0)).expect("load model");
   |         ----^^^^^
   |         |
   |         help: remove this `mut`
   |
   = note: `#[warn(unused_mut)]` (part of `#[warn(unused)]`) on by default

warning: `apxinf-model` (example "vision_check") generated 1 warning (run `cargo fix --example "vision_check" -p apxinf-model` to apply 1 suggestion)
    Finished `dev` profile [unoptimized + debuginfo] target(s) in 3.38s
